// Jest Snapshot v1, https://goo.gl/fbAQLP

exports[`Input renders correctly 1`] = `
<View
  style={
    {
      "alignItems": "center",
      "justifyContent": "center",
      "width": "100%",
    }
  }
>
  <Text
    style={
      [
        {
          "color": "#222222",
          "fontSize": 14,
          "fontWeight": "normal",
        },
        {
          "width": "100%",
        },
      ]
    }
  />
  <View
    style={
      {
        "height": 8,
      }
    }
  />
  <View
    style={
      {
        "alignItems": "center",
        "borderColor": "#595959",
        "borderRadius": 10,
        "borderWidth": 1,
        "flexDirection": "row",
        "height": 62,
        "paddingHorizontal": 10,
        "width": "100%",
      }
    }
  >
    <TextInput
      onChangeText={[MockFunction]}
      style={
        {
          "flex": 1,
        }
      }
      value=""
    />
  </View>
</View>
`;
